[01:10:23.063] === CFG 执行开始 ===
[01:10:23.068] Host: Core 7.5.8 [pwsh]
[01:10:23.069] HostExe: C:\Program Files\PowerShell\7\pwsh.exe
[01:10:23.069] MaxIterations: 1000, MaxTotalNodes: 50000
[01:10:23.069] TimeBudget: Global=29997ms, Dynamic=5000ms
[01:10:23.069] SafeMode: True
[01:10:23.070] RuntimeSubgraphMode: Full
[01:10:23.070] DynamicDepthLimit: 1
[01:10:23.070] ExecutionStateMode: Shared
[01:10:23.070] 
[01:10:23.070] === 初始化子图映射 ===
[01:10:23.084]   [INIT] ScriptBlock variable: $runner
[01:10:23.084]   [INIT] ScriptBlock subgraph: runner -> Node 5
[01:10:23.085]   [INIT] Total functions: 0, ScriptBlocks: 1
[01:10:23.102] 
[01:10:23.127] --- Node 1 [Start] ---
[01:10:23.127]   Code: Script Start
[01:10:23.141]   Status: SKIP
[01:10:23.156] --- Node 3 [MainStart] ---
[01:10:23.156]   Code: Main Script
[01:10:23.156]   Status: SKIP
[01:10:23.158] --- Node 10 [AssignmentStatementAst] ---
[01:10:23.171]   Code: $runner = {
    param(
        [string]$Scheme,
        [string]$Domain,
        [string]$Path,
        [string]$File
    )

    $url = $Scheme + '://' + $Domain + $Path + '/' + $File
    Write-Host $url
}
[01:10:23.361]   [MAPPING] $runner -> runner
[01:10:23.362]   Status: OK
[01:10:23.363]   VarsWritten:
[01:10:23.375]     $runner = [ScriptBlock] \n    param(\n        [string]$Scheme,\n        [string]$Domain,\n        [string]$Path,\n        [string]$File\n    ...
[01:10:23.377] --- Node 11 [PipelineElement] ---
[01:10:23.377]   Code: . $runner 'http' 'noise.local' '/stage' 'decoy.dat'
[01:10:23.397]   [CALL] ScriptBlock: runner (via Dot detection)
[01:10:23.457]   [ARGS] Arg[0]: (text-parsed) = "http"
[01:10:23.457]   [ARGS] Arg[1]: (text-parsed) = "noise.local"
[01:10:23.458]   [ARGS] Arg[2]: (text-parsed) = "/stage"
[01:10:23.458]   [ARGS] Arg[3]: (text-parsed) = "decoy.dat"
[01:10:23.485]   [SCOPE] Push: ScriptBlock 'runner' (prefix=_sc_bd5078be_, returnTo=12, endNode=6)
[01:10:23.489]   [BLOCK] Entering ScriptBlock 'runner' at Node 5
[01:10:23.490]   Status: SKIP
[01:10:23.490]   Action: CallScriptBlock
[01:10:23.490]   Target: runner
[01:10:23.490]   [JUMP] Jumping to Node 5
[01:10:23.490] --- Node 5 [BlockStart] ---
[01:10:23.490]   Code: ScriptBlock runner
[01:10:23.491]   Status: SKIP
[01:10:23.493] --- Node 7 [BlockParams] ---
[01:10:23.493]   Code: param( [string]$Scheme, [string]$Domain, [string]$Path, [string]$File )
[01:10:23.501]   [BIND] $_sc_bd5078be_Scheme = "http"
[01:10:23.502]   [BIND] $_sc_bd5078be_Domain = "noise.local"
[01:10:23.502]   [BIND] $_sc_bd5078be_Path = "/stage"
[01:10:23.502]   [BIND] $_sc_bd5078be_File = "decoy.dat"
[01:10:23.504]   Status: SKIP
[01:10:23.506] --- Node 8 [AssignmentStatementAst] ---
[01:10:23.506]   Code: $url = $Scheme + '://' + $Domain + $Path + '/' + $File
[01:10:23.735]   Status: OK
[01:10:23.735]   VarsRead:
[01:10:23.735]     $File = "decoy.dat"
[01:10:23.735]     $Domain = "noise.local"
[01:10:23.735]     $Scheme = "http"
[01:10:23.736]     $Path = "/stage"
[01:10:23.736]   VarsWritten:
[01:10:23.736]     $url = "http://noise.local/stage/decoy.dat"
[01:10:23.737] --- Node 9 [PipelineElement] ---
[01:10:23.737]   Code: Write-Host $url
[01:10:23.795]   Status: OK
[01:10:23.795]   VarsRead:
[01:10:23.796]     $url = "http://noise.local/stage/decoy.dat"
[01:10:23.797] --- Node 6 [BlockEnd] ---
[01:10:23.797]   Code: End ScriptBlock runner
[01:10:23.802]   [SCOPE] Pop: ScriptBlock 'runner' (returnTo=12)
[01:10:23.805]   [RETURN] Returning from ScriptBlock 'runner' to Node 12
[01:10:23.805] --- Node 12 [PipelineElement] ---
[01:10:23.805]   Code: . $runner ('ht' + 'tps') ('example' + '.org') ('/api' + '/v1') ('update' + '.bin')
[01:10:23.807]   [CALL] ScriptBlock: runner (via Dot detection)
[01:10:23.819]   [ARGS] Arg[0]: (text-parsed) = "https"
[01:10:23.819]   [ARGS] Arg[1]: (text-parsed) = "example.org"
[01:10:23.819]   [ARGS] Arg[2]: (text-parsed) = "/api/v1"
[01:10:23.819]   [ARGS] Arg[3]: (text-parsed) = "update.bin"
[01:10:23.820]   [SCOPE] Push: ScriptBlock 'runner' (prefix=_sc_b01fa23b_, returnTo=4, endNode=6)
[01:10:23.820]   [BLOCK] Entering ScriptBlock 'runner' at Node 5
[01:10:23.821]   Status: SKIP
[01:10:23.821]   Action: CallScriptBlock
[01:10:23.821]   Target: runner
[01:10:23.821]   [JUMP] Jumping to Node 5
[01:10:23.821] --- Node 5 [BlockStart] ---
[01:10:23.821]   Code: ScriptBlock runner
[01:10:23.822]   Status: SKIP
[01:10:23.823] --- Node 7 [BlockParams] ---
[01:10:23.823]   Code: param( [string]$Scheme, [string]$Domain, [string]$Path, [string]$File )
[01:10:23.824]   [BIND] $_sc_b01fa23b_Scheme = "https"
[01:10:23.824]   [BIND] $_sc_b01fa23b_Domain = "example.org"
[01:10:23.824]   [BIND] $_sc_b01fa23b_Path = "/api/v1"
[01:10:23.824]   [BIND] $_sc_b01fa23b_File = "update.bin"
[01:10:23.825]   Status: SKIP
[01:10:23.827] --- Node 8 [AssignmentStatementAst] ---
[01:10:23.827]   Code: $url = $Scheme + '://' + $Domain + $Path + '/' + $File
[01:10:24.009]   Status: OK
[01:10:24.010]   VarsRead:
[01:10:24.010]     $File = "update.bin"
[01:10:24.010]     $Domain = "example.org"
[01:10:24.018]     $Scheme = "https"
[01:10:24.018]     $Path = "/api/v1"
[01:10:24.027]   VarsWritten:
[01:10:24.027]     $url = "https://example.org/api/v1/update.bin"
[01:10:24.029] --- Node 9 [PipelineElement] ---
[01:10:24.029]   Code: Write-Host $url
[01:10:24.064]   Status: OK
[01:10:24.064]   VarsRead:
[01:10:24.065]     $url = "https://example.org/api/v1/update.bin"
[01:10:24.066] --- Node 6 [BlockEnd] ---
[01:10:24.066]   Code: End ScriptBlock runner
[01:10:24.067]   [SCOPE] Pop: ScriptBlock 'runner' (returnTo=4)
[01:10:24.067]   [RETURN] Returning from ScriptBlock 'runner' to Node 4
[01:10:24.067] --- Node 4 [MainEnd] ---
[01:10:24.067]   Code: End Main Script
[01:10:24.071]   Status: SKIP
[01:10:24.073] === 执行结束 ===
[01:10:24.073] 
[01:10:24.073] === 执行统计 ===
[01:10:24.074] Total visits: 14
[01:10:24.075] Unique nodes: 10
[01:10:24.076] Runtime subgraphs: 0
[01:10:24.076] Runtime expansion disabled: 0
[01:10:24.077] Dynamic depth-limit stops: 0
[01:10:24.078] Node-scoped runspace resets: 0
